---
source: src/ui/pipeline_status.rs
assertion_line: 261
expression: term.backend()
---
"┌ Managed Folders ─────────────────────────────────────────────────────────────────────────────────────────────────────┐"
"│> * /photos/2024                                                 cron: 0 5 * * *            last: 2026-05-04T05:00:00Z│"
"│  P /photos/2023                                                 cron: -                    last: -                   │"
"│                                                                                                                      │"
"│                                                                                                                      │"
"│                                                                                                                      │"
"│                                                                                                                      │"
"│                                                                                                                      │"
"│                                                                                                                      │"
"│                                                                                                                      │"
"│                                                                                                                      │"
"└──────────────────────────────────────────────────────────────────────────────────────────────────────────────────────┘"
"┌ Workers ─────────────────────────────────────────────────────────────────────────────────────────────────────────────┐"
"│scan: idle  exif: idle  thumb: idle  llm: idle  faces: idle  index: idle                                              │"
"│(live activity pending daemon driver)                                                                                 │"
"│                                                                                                                      │"
"│                                                                                                                      │"
"└──────────────────────────────────────────────────────────────────────────────────────────────────────────────────────┘"
"┌ Failures Inbox ──────────────────────────────────────────────────────────────────────────────────────────────────────┐"
"│> llm / llm_unreachable - connection refused (8 occurrences)                                                          │"
"│                                                                                                                      │"
"│                                                                                                                      │"
"│                                                                                                                      │"
"│                                                                                                                      │"
"│                                                                                                                      │"
"│                                                                                                                      │"
"│                                                                                                                      │"
"│                                                                                                                      │"
"│                                                                                                                      │"
"└──────────────────────────────────────────────────────────────────────────────────────────────────────────────────────┘"
